------------------------------------------------------------
TimeQuest Timing Analyzer Summary
------------------------------------------------------------

Type  : Slow 1100mV 85C Model Setup 'CLOCK_50'
Slack : -1.827
TNS   : -29.198

Type  : Slow 1100mV 85C Model Hold 'CLOCK_50'
Slack : 0.283
TNS   : 0.000

Type  : Slow 1100mV 85C Model Minimum Pulse Width 'CLOCK_50'
Slack : -0.394
TNS   : -24.479

Type  : Slow 1100mV 0C Model Setup 'CLOCK_50'
Slack : -1.898
TNS   : -28.365

Type  : Slow 1100mV 0C Model Hold 'CLOCK_50'
Slack : 0.265
TNS   : 0.000

Type  : Slow 1100mV 0C Model Minimum Pulse Width 'CLOCK_50'
Slack : -0.394
TNS   : -26.085

Type  : Fast 1100mV 85C Model Setup 'CLOCK_50'
Slack : -0.562
TNS   : -5.153

Type  : Fast 1100mV 85C Model Hold 'CLOCK_50'
Slack : 0.162
TNS   : 0.000

Type  : Fast 1100mV 85C Model Minimum Pulse Width 'CLOCK_50'
Slack : -0.095
TNS   : -4.255

Type  : Fast 1100mV 0C Model Setup 'CLOCK_50'
Slack : -0.499
TNS   : -3.662

Type  : Fast 1100mV 0C Model Hold 'CLOCK_50'
Slack : 0.132
TNS   : 0.000

Type  : Fast 1100mV 0C Model Minimum Pulse Width 'CLOCK_50'
Slack : -0.091
TNS   : -4.127

------------------------------------------------------------
